# serializer version: 1
# name: test_entry_diagnostics
  dict({
    'config_entry': dict({
      'created_at': '2025-07-06T18:39:44.117541+00:00',
      'data': dict({
        'close_command': 'b64:close_code',
        'device_class': 'shutter',
        'name': 'Test Shutter',
        'open_command': 'b64:open_code',
        'remote_entity': 'remote.test_gateway',
        'stop_command': 'b64:stop_code',
        'travelling_time_down': 10,
        'travelling_time_up': 10,
      }),
      'disabled_by': None,
      'discovery_keys': dict({
      }),
      'domain': 'rf_cover_time_based',
      'entry_id': 'test-shutter',
      'minor_version': 1,
      'modified_at': '2025-07-06T18:39:44.117546+00:00',
      'options': dict({
      }),
      'pref_disable_new_entities': False,
      'pref_disable_polling': False,
      'source': 'user',
      'subentries': list([
      ]),
      'title': 'Mock Title',
      'unique_id': None,
      'version': 1,
    }),
    'cover_entity': dict({
      'attributes': dict({
      }),
      'entity_id': None,
      'state': 'not_found',
    }),
    'remote_gateway': dict({
      'attributes': dict({
      }),
      'entity_id': 'remote.test_gateway',
      'state': 'not_found',
    }),
  })
# ---
